// Jest Snapshot v1, https://goo.gl/fbAQLP

exports[`PlanetSearch matches snapshot 1`] = `
<div>
  <div
    class="search"
  >
    <input
      class="input"
      placeholder="Search planets..."
      type="text"
      value=""
    />
  </div>
</div>
`;
